1605
1203
Impossible
66
63
880
Impossible
1215
Impossible
170
Impossible
719
13
Impossible
339
Impossible
Impossible
561
Impossible
66
576
822
261
734
Impossible
Impossible
260
Impossible
660
76
Impossible
Impossible
98
131
380
Impossible
Impossible
Impossible
814
267
Impossible
673
723
10
Impossible
Impossible
195
667
Impossible
Impossible
1686
Impossible
229
459
461
Impossible
16
901
Impossible
629
412
Impossible
1681
Impossible
750
Impossible
1008
Impossible
Impossible
Impossible
Impossible
731
425
